# RTL_ID 22011200
#
# Events:
#    N - no event
#    E - exception
#    I - interrupt
#    W - wakeup
# =====================================================================================
# : Core Reset
# =====================================================================================
# Test: bne.hex
#           Time   Ev  Curr_PC    Instr      Next_PC    Reg        Value     
# =====================================================================================
               3   N   00000000   00000000   00000200   ---        --------
               6   N   00000200   0000e101   00000204   x10_a0     00000000
               7   N   00000204   00004e01   00000206   ---        --------
               8   N   00000206   00000297   00000208   x28_t3     00000000
               9   N   00000208   fb828293   0000020c   x05_t0     00000208
              10   N   0000020c   30529073   00000210   x05_t0     000001c0
              11   N   00000210   00004505   00000214   ---        --------
              12   N   00000214   0000057e   00000216   x10_a0     00000001
              13   N   00000216   00054863   00000218   x10_a0     80000000
              14   N   00000218   0ff0000f   00000228   ---        --------
              17   N   00000228   00028d63   0000022c   x05_t0     00000000
              18   N   0000022c   10529073   00000246   ---        --------
              22   N   00000246   00020297   0000024a   ---        --------
              23   N   0000024a   00000297   0000024a   ---        --------
              24   N   0000024a   30008293   0000024e   x05_t0     0000024a
              26   N   0000024e   00009073   00000252   x05_t0     000002a0
              28   N   00000252   05622573   00000256   ---        --------
              30   N   00000256   34120073   0000025a   x10_a0     00000000
              33   N   0000025a   00000000   000002a0   ---        --------
              36   N   000002a0   00004081   000002a2   x28_t3     00000002
              37   N   000002a2   00004105   000002a4   x01_ra     00000000
              38   N   000002a4   00209663   000002a6   x02_sp     00000001
              39   N   000002a6   41051763   000002b2   ---        --------
              43   N   000002b2   96631163   000002ae   ---        --------
              47   N   000002ae   96639ee3   000002ba   ---        --------
              50   N   000002ba   00004085   000002bc   x28_t3     00000003
              51   N   000002bc   00004101   000002be   x01_ra     00000001
              52   N   000002be   00209663   000002c0   x02_sp     00000000
              53   N   000002c0   1bc01a63   000002cc   ---        --------
              56   N   000002cc   1bc01463   000002c8   ---        --------
              59   N   000002c8   fe209ee3   000002d4   ---        --------
              62   N   000002d4   000050fd   000002d6   x28_t3     00000004
              63   N   000002d6   00004105   000002d8   x01_ra     ffffffff
              64   N   000002d8   00209663   000002da   x02_sp     00000001
              65   N   000002da   41051d63   000002e6   ---        --------
              69   N   000002e6   96631763   000002e2   ---        --------
              73   N   000002e2   96639ee3   000002ee   ---        --------
              76   N   000002ee   00004085   000002f0   x28_t3     00000005
              77   N   000002f0   0000517d   000002f2   x01_ra     00000001
              78   N   000002f2   00209663   000002f4   x02_sp     ffffffff
              79   N   000002f4   19c01063   00000300   ---        --------
              82   N   00000300   17c01a63   000002fc   ---        --------
              85   N   000002fc   fe209ee3   00000308   ---        --------
              88   N   00000308   00004081   0000030a   x28_t3     00000006
              89   N   0000030a   00004101   0000030c   x01_ra     00000000
              90   N   0000030c   00209463   0000030e   x02_sp     00000000
              91   N   0000030e   41011463   00000312   ---        --------
              93   N   00000312   00201163   0000031a   ---        --------
              97   N   0000031a   00004e1d   0000031e   ---        --------
              98   N   0000031e   00004085   00000320   x28_t3     00000007
              99   N   00000320   00004105   00000322   x01_ra     00000001
             100   N   00000322   00209463   00000324   x02_sp     00000001
             101   N   00000324   01c01463   00000328   ---        --------
             102   N   00000328   15c01663   00000330   ---        --------
             105   N   00000330   00004e21   00000334   ---        --------
             106   N   00000334   000050fd   00000336   x28_t3     00000008
             107   N   00000336   0000517d   00000338   x01_ra     ffffffff
             108   N   00000338   00209463   0000033a   x02_sp     ffffffff
             109   N   0000033a   517d1463   0000033e   ---        --------
             111   N   0000033e   00201b63   00000346   ---        --------
             115   N   00000346   00004e25   0000034a   ---        --------
             116   N   0000034a   00004201   0000034c   x28_t3     00000009
             117   N   0000034c   00004081   0000034e   x04_tp     00000000
             118   N   0000034e   00004101   00000350   x01_ra     00000000
             119   N   00000350   12209363   00000352   x02_sp     00000000
             120   N   00000352   00000205   00000356   ---        --------
             121   N   00000356   00004289   00000358   x04_tp     00000001
             122   N   00000358   fe521ae3   0000035a   x05_t0     00000002
             123   N   0000035a   00004e29   0000034e   ---        --------
             126   N   0000034e   00004101   00000350   x01_ra     00000000
             127   N   00000350   12209363   00000352   x02_sp     00000000
             128   N   00000352   00000205   00000356   ---        --------
             129   N   00000356   00004289   00000358   x04_tp     00000002
             130   N   00000358   fe521ae3   0000035a   x05_t0     00000002
             131   N   0000035a   00004e29   0000035e   ---        --------
             132   N   0000035e   00004201   00000360   x28_t3     0000000a
             133   N   00000360   00004081   00000362   x04_tp     00000000
             134   N   00000362   00004101   00000364   x01_ra     00000000
             135   N   00000364   00000001   00000366   x02_sp     00000000
             136   N   00000366   10209863   00000368   ---        --------
             137   N   00000368   00000205   0000036c   ---        --------
             138   N   0000036c   00004289   0000036e   x04_tp     00000001
             139   N   0000036e   fe5219e3   00000370   x05_t0     00000002
             140   N   00000370   00004e2d   00000362   ---        --------
             143   N   00000362   00004101   00000364   x01_ra     00000000
             144   N   00000364   00000001   00000366   x02_sp     00000000
             145   N   00000366   10209863   00000368   ---        --------
             146   N   00000368   00000205   0000036c   ---        --------
             147   N   0000036c   00004289   0000036e   x04_tp     00000002
             148   N   0000036e   fe5219e3   00000370   x05_t0     00000002
             149   N   00000370   00004e2d   00000374   ---        --------
             150   N   00000374   00004201   00000376   x28_t3     0000000b
             151   N   00000376   00004081   00000378   x04_tp     00000000
             152   N   00000378   00004101   0000037a   x01_ra     00000000
             153   N   0000037a   00000001   0000037c   x02_sp     00000000
             154   N   0000037c   00000001   0000037e   ---        --------
             155   N   0000037e   0e209c63   00000380   ---        --------
             156   N   00000380   00000205   00000384   ---        --------
             157   N   00000384   00004289   00000386   x04_tp     00000001
             158   N   00000386   fe5218e3   00000388   x05_t0     00000002
             159   N   00000388   00004e31   00000378   ---        --------
             162   N   00000378   00004101   0000037a   x01_ra     00000000
             163   N   0000037a   00000001   0000037c   x02_sp     00000000
             164   N   0000037c   00000001   0000037e   ---        --------
             165   N   0000037e   0e209c63   00000380   ---        --------
             166   N   00000380   00000205   00000384   ---        --------
             167   N   00000384   00004289   00000386   x04_tp     00000002
             168   N   00000386   fe5218e3   00000388   x05_t0     00000002
             169   N   00000388   00004e31   0000038c   ---        --------
             170   N   0000038c   00004201   0000038e   x28_t3     0000000c
             171   N   0000038e   00004081   00000390   x04_tp     00000000
             172   N   00000390   00000001   00000392   x01_ra     00000000
             173   N   00000392   00004101   00000394   ---        --------
             174   N   00000394   0e209163   00000396   x02_sp     00000000
             175   N   00000396   00000205   0000039a   ---        --------
             176   N   0000039a   00004289   0000039c   x04_tp     00000001
             177   N   0000039c   fe5219e3   0000039e   x05_t0     00000002
             178   N   0000039e   00004e35   00000390   ---        --------
             181   N   00000390   00000001   00000392   x01_ra     00000000
             182   N   00000392   00004101   00000394   ---        --------
             183   N   00000394   0e209163   00000396   x02_sp     00000000
             184   N   00000396   00000205   0000039a   ---        --------
             185   N   0000039a   00004289   0000039c   x04_tp     00000002
             186   N   0000039c   fe5219e3   0000039e   x05_t0     00000002
             187   N   0000039e   00004e35   000003a2   ---        --------
             188   N   000003a2   00004201   000003a4   x28_t3     0000000d
             189   N   000003a4   00004081   000003a6   x04_tp     00000000
             190   N   000003a6   00000001   000003a8   x01_ra     00000000
             191   N   000003a8   00004101   000003aa   ---        --------
             192   N   000003aa   00000001   000003ac   x02_sp     00000000
             193   N   000003ac   0c209563   000003ae   ---        --------
             194   N   000003ae   00000205   000003b2   ---        --------
             195   N   000003b2   00004289   000003b4   x04_tp     00000001
             196   N   000003b4   fe5218e3   000003b6   x05_t0     00000002
             197   N   000003b6   00004e39   000003a6   ---        --------
             200   N   000003a6   00000001   000003a8   x01_ra     00000000
             201   N   000003a8   00004101   000003aa   ---        --------
             202   N   000003aa   00000001   000003ac   x02_sp     00000000
             203   N   000003ac   0c209563   000003ae   ---        --------
             204   N   000003ae   00000205   000003b2   ---        --------
             205   N   000003b2   00004289   000003b4   x04_tp     00000002
             206   N   000003b4   fe5218e3   000003b6   x05_t0     00000002
             207   N   000003b6   00004e39   000003ba   ---        --------
             208   N   000003ba   00004201   000003bc   x28_t3     0000000e
             209   N   000003bc   00004081   000003be   x04_tp     00000000
             210   N   000003be   00000001   000003c0   x01_ra     00000000
             211   N   000003c0   00000001   000003c2   ---        --------
             212   N   000003c2   00004101   000003c4   ---        --------
             213   N   000003c4   0a209963   000003c6   x02_sp     00000000
             214   N   000003c6   00000205   000003ca   ---        --------
             215   N   000003ca   00004289   000003cc   x04_tp     00000001
             216   N   000003cc   fe5218e3   000003ce   x05_t0     00000002
             217   N   000003ce   00004e3d   000003be   ---        --------
             220   N   000003be   00000001   000003c0   x01_ra     00000000
             221   N   000003c0   00000001   000003c2   ---        --------
             222   N   000003c2   00004101   000003c4   ---        --------
             223   N   000003c4   0a209963   000003c6   x02_sp     00000000
             224   N   000003c6   00000205   000003ca   ---        --------
             225   N   000003ca   00004289   000003cc   x04_tp     00000002
             226   N   000003cc   fe5218e3   000003ce   x05_t0     00000002
             227   N   000003ce   00004e3d   000003d2   ---        --------
             228   N   000003d2   00004201   000003d4   x28_t3     0000000f
             229   N   000003d4   00004081   000003d6   x04_tp     00000000
             230   N   000003d6   00004101   000003d8   x01_ra     00000000
             231   N   000003d8   08209f63   000003da   x02_sp     00000000
             232   N   000003da   00000205   000003de   ---        --------
             233   N   000003de   00004289   000003e0   x04_tp     00000001
             234   N   000003e0   fe521ae3   000003e2   x05_t0     00000002
             235   N   000003e2   00004e41   000003d6   ---        --------
             238   N   000003d6   00004101   000003d8   x01_ra     00000000
             239   N   000003d8   08209f63   000003da   x02_sp     00000000
             240   N   000003da   00000205   000003de   ---        --------
             241   N   000003de   00004289   000003e0   x04_tp     00000002
             242   N   000003e0   fe521ae3   000003e2   x05_t0     00000002
             243   N   000003e2   00004e41   000003e6   ---        --------
             244   N   000003e6   00004201   000003e8   x28_t3     00000010
             245   N   000003e8   00004081   000003ea   x04_tp     00000000
             246   N   000003ea   00004101   000003ec   x01_ra     00000000
             247   N   000003ec   00000001   000003ee   x02_sp     00000000
             248   N   000003ee   08209463   000003f0   ---        --------
             249   N   000003f0   00000205   000003f4   ---        --------
             250   N   000003f4   00004289   000003f6   x04_tp     00000001
             251   N   000003f6   fe5219e3   000003f8   x05_t0     00000002
             252   N   000003f8   00004e45   000003ea   ---        --------
             255   N   000003ea   00004101   000003ec   x01_ra     00000000
             256   N   000003ec   00000001   000003ee   x02_sp     00000000
             257   N   000003ee   08209463   000003f0   ---        --------
             258   N   000003f0   00000205   000003f4   ---        --------
             259   N   000003f4   00004289   000003f6   x04_tp     00000002
             260   N   000003f6   fe5219e3   000003f8   x05_t0     00000002
             261   N   000003f8   00004e45   000003fc   ---        --------
             262   N   000003fc   00004201   000003fe   x28_t3     00000011
             263   N   000003fe   00004081   00000400   x04_tp     00000000
             264   N   00000400   00004101   00000402   x01_ra     00000000
             265   N   00000402   00000001   00000404   x02_sp     00000000
             266   N   00000404   00000001   00000406   ---        --------
             267   N   00000406   06209863   00000408   ---        --------
             268   N   00000408   00000205   0000040c   ---        --------
             269   N   0000040c   00004289   0000040e   x04_tp     00000001
             270   N   0000040e   fe5218e3   00000410   x05_t0     00000002
             271   N   00000410   00004e49   00000400   ---        --------
             274   N   00000400   00004101   00000402   x01_ra     00000000
             275   N   00000402   00000001   00000404   x02_sp     00000000
             276   N   00000404   00000001   00000406   ---        --------
             277   N   00000406   06209863   00000408   ---        --------
             278   N   00000408   00000205   0000040c   ---        --------
             279   N   0000040c   00004289   0000040e   x04_tp     00000002
             280   N   0000040e   fe5218e3   00000410   x05_t0     00000002
             281   N   00000410   00004e49   00000414   ---        --------
             282   N   00000414   00004201   00000416   x28_t3     00000012
             283   N   00000416   00004081   00000418   x04_tp     00000000
             284   N   00000418   00000001   0000041a   x01_ra     00000000
             285   N   0000041a   00004101   0000041c   ---        --------
             286   N   0000041c   04209d63   0000041e   x02_sp     00000000
             287   N   0000041e   00000205   00000422   ---        --------
             288   N   00000422   00004289   00000424   x04_tp     00000001
             289   N   00000424   fe5219e3   00000426   x05_t0     00000002
             290   N   00000426   00004e4d   00000418   ---        --------
             293   N   00000418   00000001   0000041a   x01_ra     00000000
             294   N   0000041a   00004101   0000041c   ---        --------
             295   N   0000041c   04209d63   0000041e   x02_sp     00000000
             296   N   0000041e   00000205   00000422   ---        --------
             297   N   00000422   00004289   00000424   x04_tp     00000002
             298   N   00000424   fe5219e3   00000426   x05_t0     00000002
             299   N   00000426   00004e4d   0000042a   ---        --------
             300   N   0000042a   00004201   0000042c   x28_t3     00000013
             301   N   0000042c   00004081   0000042e   x04_tp     00000000
             302   N   0000042e   00000001   00000430   x01_ra     00000000
             303   N   00000430   00004101   00000432   ---        --------
             304   N   00000432   00000001   00000434   x02_sp     00000000
             305   N   00000434   04209163   00000436   ---        --------
             306   N   00000436   00000205   0000043a   ---        --------
             307   N   0000043a   00004289   0000043c   x04_tp     00000001
             308   N   0000043c   fe5218e3   0000043e   x05_t0     00000002
             309   N   0000043e   00004e51   0000042e   ---        --------
             312   N   0000042e   00000001   00000430   x01_ra     00000000
             313   N   00000430   00004101   00000432   ---        --------
             314   N   00000432   00000001   00000434   x02_sp     00000000
             315   N   00000434   04209163   00000436   ---        --------
             316   N   00000436   00000205   0000043a   ---        --------
             317   N   0000043a   00004289   0000043c   x04_tp     00000002
             318   N   0000043c   fe5218e3   0000043e   x05_t0     00000002
             319   N   0000043e   00004e51   00000442   ---        --------
             320   N   00000442   00004201   00000444   x28_t3     00000014
             321   N   00000444   00004081   00000446   x04_tp     00000000
             322   N   00000446   00000001   00000448   x01_ra     00000000
             323   N   00000448   00000001   0000044a   ---        --------
             324   N   0000044a   00004101   0000044c   ---        --------
             325   N   0000044c   02209563   0000044e   x02_sp     00000000
             326   N   0000044e   00000205   00000452   ---        --------
             327   N   00000452   00004289   00000454   x04_tp     00000001
             328   N   00000454   fe5218e3   00000456   x05_t0     00000002
             329   N   00000456   00004085   00000446   ---        --------
             332   N   00000446   00000001   00000448   x01_ra     00000000
             333   N   00000448   00000001   0000044a   ---        --------
             334   N   0000044a   00004101   0000044c   ---        --------
             335   N   0000044c   02209563   0000044e   x02_sp     00000000
             336   N   0000044e   00000205   00000452   ---        --------
             337   N   00000452   00004289   00000454   x04_tp     00000002
             338   N   00000454   fe5218e3   00000456   x05_t0     00000002
             339   N   00000456   00004085   0000045a   ---        --------
             340   N   0000045a   00009663   0000045c   x01_ra     00000001
             341   N   0000045c   00000085   00000468   ---        --------
             344   N   00000468   00000085   0000046a   x01_ra     00000002
             345   N   0000046a   00004e8d   0000046c   x01_ra     00000003
             346   N   0000046c   00004e55   0000046e   x29_t4     00000003
             347   N   0000046e   01d09463   00000470   x28_t3     00000015
             348   N   00000470   01c01863   00000474   ---        --------
             349   N   00000474   0ff0000f   00000484   ---        --------
             352   N   00000484   000085f2   00000488   ---        --------
             353   N   00000488   00004501   0000048a   x11_a1     00000015
             354   N   0000048a   00000073   0000048c   x10_a0     00000000
             355   E   0000048c   00000073   000001c0   mstatus    00001800
             355   E   0000048c   00000073   000001c0   mepc       0000048c
             355   E   0000048c   00000073   000001c0   mcause     0000000b
             355   E   0000048c   00000073   000001c0   mtval      00000000
             358   N   000001c0   000047a1   000001c4   x14_a4     0000000b
             359   N   000001c4   02f70263   000001c6   x15_a5     00000008
             360   N   000001c6   000047a5   000001ca   ---        --------
             361   N   000001ca   00f70f63   000001cc   x15_a5     00000009
             362   N   000001cc   000047ad   000001d0   ---        --------
             363   N   000001d0   00f70c63   000001d2   x15_a5     0000000b
             364   N   000001d2   47ad0713   000001ea   ---        --------
             368   N   000001ea   07130013   000004a0   ---        --------
             371   N   000004a0   c5428293   000004a4   x05_t0     000004a0
             372   N   000004a4   00008282   000004a8   x05_t0     000000f4
             373   N   000004a8   00000013   000000f4   ---        --------
             376   N   000000f4   0000006f   000000f8   ---        --------
             377   N   000000f8   ffffffff   000000f8   ---        --------
