# RTL_ID 22011200
#
# Events:
#    N - no event
#    E - exception
#    I - interrupt
#    W - wakeup
# =====================================================================================
# : Core Reset
# =====================================================================================
# Test: illegal.hex
#           Time   Ev  Curr_PC    Instr      Next_PC    Reg        Value     
# =====================================================================================
               3   N   00000000   00000000   00000600   ---        --------
               6   N   00000600   0000e101   00000604   x10_a0     00000000
               7   N   00000604   00004e01   00000606   ---        --------
               8   N   00000606   00000297   00000608   x28_t3     00000000
               9   N   00000608   cf828293   0000060c   x05_t0     00000608
              10   N   0000060c   30529073   00000610   x05_t0     00000300
              11   N   00000610   00004505   00000614   ---        --------
              12   N   00000614   0000057e   00000616   x10_a0     00000001
              13   N   00000616   00054863   00000618   x10_a0     80000000
              14   N   00000618   0ff0000f   00000628   ---        --------
              17   N   00000628   00028f63   0000062c   x05_t0     00000000
              18   N   0000062c   10529073   0000064a   ---        --------
              22   N   0000064a   00006509   0000064e   ---        --------
              23   N   0000064e   00006509   0000064e   ---        --------
              24   N   0000064e   80050513   00000650   x10_a0     00002000
              25   N   00000650   30052073   00000654   x10_a0     00001800
              26   N   00000654   00000297   00000658   ---        --------
              27   N   00000658   00000297   00000658   ---        --------
              28   N   00000658   6bb28293   0000065c   x05_t0     00000658
              29   N   0000065c   34129073   00000660   x05_t0     00000d13
              30   N   00000660   f1402573   00000664   ---        --------
              31   N   00000664   30200073   00000668   x10_a0     00000000
              33   N   00000668   00000000   00000d12   ---        --------
              36   N   00000d12   00200e13   00000d14   x08_s0     00000080
              37   N   00000d14   00000000   00000d18   x28_t3     00000002
              38   E   00000d18   00000000   00000300   mstatus    00001800
              38   E   00000d18   00000000   00000300   mepc       00000d18
              38   E   00000d18   00000000   00000300   mcause     00000002
              38   E   00000d18   00000000   00000300   mtval      00000000
              41   N   00000300   000047a1   00000304   x14_a4     00000002
              42   N   00000304   04f70263   00000306   x15_a5     00000008
              43   N   00000306   000047a5   0000030a   ---        --------
              44   N   0000030a   02f70f63   0000030c   x15_a5     00000009
              45   N   0000030c   000047ad   00000310   ---        --------
              46   N   00000310   02f70c63   00000312   x15_a5     0000000b
              47   N   00000312   47ad0837   00000316   ---        --------
              49   N   00000316   02f71897   0000031a   x16_a6     f0000000
              51   N   0000031a   f0008893   0000031e   x17_a7     0000131a
              53   N   0000031e   00008783   00000322   x17_a7     00000d00
              56   N   00000322   0000c791   00000326   x15_a5     00000069
              57   N   00000326   00f82023   00000328   ---        --------
              59   N   00000328   00000885   0000032c   ---        --------
              60   N   0000032c   ff5ff06f   0000032e   x17_a7     00000d01
              61   N   0000032e   08851717   00000322   ---        --------
              66   N   00000322   0000c791   00000326   x15_a5     0000006e
              67   N   00000326   00f82023   00000328   ---        --------
              69   N   00000328   00000885   0000032c   ---        --------
              70   N   0000032c   ff5ff06f   0000032e   x17_a7     00000d02
              71   N   0000032e   08851717   00000322   ---        --------
              76   N   00000322   0000c791   00000326   x15_a5     00000073
              77   N   00000326   00f82023   00000328   ---        --------
              79   N   00000328   00000885   0000032c   ---        --------
              80   N   0000032c   ff5ff06f   0000032e   x17_a7     00000d03
              81   N   0000032e   08851717   00000322   ---        --------
              86   N   00000322   0000c791   00000326   x15_a5     00000074
              87   N   00000326   00f82023   00000328   ---        --------
              89   N   00000328   00000885   0000032c   ---        --------
              90   N   0000032c   ff5ff06f   0000032e   x17_a7     00000d04
              91   N   0000032e   08851717   00000322   ---        --------
              96   N   00000322   0000c791   00000326   x15_a5     00000072
              97   N   00000326   00f82023   00000328   ---        --------
              99   N   00000328   00000885   0000032c   ---        --------
             100   N   0000032c   ff5ff06f   0000032e   x17_a7     00000d05
             101   N   0000032e   08851717   00000322   ---        --------
             106   N   00000322   0000c791   00000326   x15_a5     00000075
             107   N   00000326   00f82023   00000328   ---        --------
             109   N   00000328   00000885   0000032c   ---        --------
             110   N   0000032c   ff5ff06f   0000032e   x17_a7     00000d06
             111   N   0000032e   08851717   00000322   ---        --------
             116   N   00000322   0000c791   00000326   x15_a5     00000063
             117   N   00000326   00f82023   00000328   ---        --------
             119   N   00000328   00000885   0000032c   ---        --------
             120   N   0000032c   ff5ff06f   0000032e   x17_a7     00000d07
             121   N   0000032e   08851717   00000322   ---        --------
             126   N   00000322   0000c791   00000326   x15_a5     00000074
             127   N   00000326   00f82023   00000328   ---        --------
             129   N   00000328   00000885   0000032c   ---        --------
             130   N   0000032c   ff5ff06f   0000032e   x17_a7     00000d08
             131   N   0000032e   08851717   00000322   ---        --------
             136   N   00000322   0000c791   00000326   x15_a5     00000069
             137   N   00000326   00f82023   00000328   ---        --------
             139   N   00000328   00000885   0000032c   ---        --------
             140   N   0000032c   ff5ff06f   0000032e   x17_a7     00000d09
             141   N   0000032e   08851717   00000322   ---        --------
             146   N   00000322   0000c791   00000326   x15_a5     0000006e
             147   N   00000326   00f82023   00000328   ---        --------
             149   N   00000328   00000885   0000032c   ---        --------
             150   N   0000032c   ff5ff06f   0000032e   x17_a7     00000d0a
             151   N   0000032e   08851717   00000322   ---        --------
             156   N   00000322   0000c791   00000326   x15_a5     0000002d
             157   N   00000326   00f82023   00000328   ---        --------
             159   N   00000328   00000885   0000032c   ---        --------
             160   N   0000032c   ff5ff06f   0000032e   x17_a7     00000d0b
             161   N   0000032e   08851717   00000322   ---        --------
             166   N   00000322   0000c791   00000326   x15_a5     00000069
             167   N   00000326   00f82023   00000328   ---        --------
             169   N   00000328   00000885   0000032c   ---        --------
             170   N   0000032c   ff5ff06f   0000032e   x17_a7     00000d0c
             171   N   0000032e   08851717   00000322   ---        --------
             176   N   00000322   0000c791   00000326   x15_a5     0000006c
             177   N   00000326   00f82023   00000328   ---        --------
             179   N   00000328   00000885   0000032c   ---        --------
             180   N   0000032c   ff5ff06f   0000032e   x17_a7     00000d0d
             181   N   0000032e   08851717   00000322   ---        --------
             186   N   00000322   0000c791   00000326   x15_a5     0000006c
             187   N   00000326   00f82023   00000328   ---        --------
             189   N   00000328   00000885   0000032c   ---        --------
             190   N   0000032c   ff5ff06f   0000032e   x17_a7     00000d0e
             191   N   0000032e   08851717   00000322   ---        --------
             196   N   00000322   0000c791   00000326   x15_a5     00000065
             197   N   00000326   00f82023   00000328   ---        --------
             199   N   00000328   00000885   0000032c   ---        --------
             200   N   0000032c   ff5ff06f   0000032e   x17_a7     00000d0f
             201   N   0000032e   08851717   00000322   ---        --------
             206   N   00000322   0000c791   00000326   x15_a5     00000067
             207   N   00000326   00f82023   00000328   ---        --------
             209   N   00000328   00000885   0000032c   ---        --------
             210   N   0000032c   ff5ff06f   0000032e   x17_a7     00000d10
             211   N   0000032e   08851717   00000322   ---        --------
             216   N   00000322   0000c791   00000326   x15_a5     00000061
             217   N   00000326   00f82023   00000328   ---        --------
             219   N   00000328   00000885   0000032c   ---        --------
             220   N   0000032c   ff5ff06f   0000032e   x17_a7     00000d11
             221   N   0000032e   08851717   00000322   ---        --------
             226   N   00000322   0000c791   00000326   x15_a5     0000006c
             227   N   00000326   00f82023   00000328   ---        --------
             229   N   00000328   00000885   0000032c   ---        --------
             230   N   0000032c   ff5ff06f   0000032e   x17_a7     00000d12
             231   N   0000032e   08851717   00000322   ---        --------
             236   N   00000322   0000c791   00000326   x15_a5     00000000
             237   N   00000326   00f82023   00000332   ---        --------
             241   N   00000332   20230713   00000336   x14_a4     00001332
             243   N   00000336   0000c311   0000033a   x14_a4     00000f00
             244   N   0000033a   00008702   0000033c   ---        --------
             245   N   0000033c   34202773   00000f00   ---        --------
             248   N   00000f00   e69ff06f   00000f40   ---        --------
             251   N   00000f40   342022f3   00000f44   x06_t1     00000002
             252   N   00000f44   ec6294e3   00000f48   x05_t0     00000002
             253   N   00000f48   341022f3   00000f4c   ---        --------
             254   N   00000f4c   343023f3   00000f50   x05_t0     00000d18
             255   N   00000f50   00038e63   00000f54   x07_t2     00000000
             256   N   00000f54   0002d303   00000f70   ---        --------
             259   N   00000f70   da830313   00000f74   x06_t1     00000f70
             260   N   00000f74   04628e63   00000f78   x06_t1     00000d18
             261   N   00000f78   00000317   00000fd4   ---        --------
             264   N   00000fd4   34129073   00000fd8   x05_t0     00000d20
             265   N   00000fd8   30200073   00000fdc   ---        --------
             267   N   00000fdc   00200337   00000d20   ---        --------
             270   N   00000d20   80028293   00000d24   x05_t0     00002000
             271   N   00000d24   3002b073   00000d28   x05_t0     00001800
             272   N   00000d28   00001337   00000d2c   ---        --------
             273   N   00000d2c   00001337   00000d2c   ---        --------
             274   N   00000d2c   80030313   00000d30   x06_t1     00001000
             275   N   00000d30   30032073   00000d34   x06_t1     00000800
             276   N   00000d34   300023f3   00000d38   ---        --------
             277   N   00000d38   300023f3   00000d38   ---        --------
             278   N   00000d38   0053f3b3   00000d3c   x07_t2     00001880
             279   N   00000d3c   0e731063   00000d40   x07_t2     00001800
             280   N   00000d40   34415073   00000e20   ---        --------
             283   N   00000e20   000e0593   00000e24   ---        --------
             284   N   00000e24   00000513   00000e28   x11_a1     00000002
             285   N   00000e28   00000073   00000e2c   x10_a0     00000000
             286   E   00000e2c   00000013   00000300   mstatus    00001800
             286   E   00000e2c   00000013   00000300   mepc       00000e2c
             286   E   00000e2c   00000013   00000300   mcause     0000000b
             286   E   00000e2c   00000013   00000300   mtval      00000000
             289   N   00000300   000047a1   00000304   x14_a4     0000000b
             290   N   00000304   04f70263   00000306   x15_a5     00000008
             291   N   00000306   000047a5   0000030a   ---        --------
             292   N   0000030a   02f70f63   0000030c   x15_a5     00000009
             293   N   0000030c   000047ad   00000310   ---        --------
             294   N   00000310   02f70c63   00000312   x15_a5     0000000b
             295   N   00000312   47ad0837   0000034a   ---        --------
             299   N   0000034a   08370013   000010e0   ---        --------
             302   N   000010e0   01428293   000010e4   x05_t0     000000e0
             303   N   000010e4   00008282   000010e8   x05_t0     000000f4
             304   N   000010e8   00000013   000000f4   ---        --------
             307   N   000000f4   0000006f   000000f8   ---        --------
             308   N   000000f8   ffffffff   000000f8   ---        --------
